// Vitest Snapshot v1, https://vitest.dev/guide/snapshot.html

exports[`native function names 1`] = `
{
  ".AggregateError()": "AggregateError",
  ".AggregateError.[[Prototype]]()": "Error",
  ".AggregateError.[[Prototype]].isError()": "Error.isError",
  ".AggregateError.[[Prototype]].prototype.get stack()": "Error#stack",
  ".AggregateError.[[Prototype]].prototype.set stack()": "Error#stack",
  ".AggregateError.[[Prototype]].prototype.toString()": "Error#toString",
  ".Array()": "Array",
  ".Array.from()": "Array.from",
  ".Array.fromAsync()": "Array.fromAsync",
  ".Array.isArray()": "Array.isArray",
  ".Array.of()": "Array.of",
  ".Array.prototype.at()": "Array#at",
  ".Array.prototype.concat()": "Array#concat",
  ".Array.prototype.copyWithin()": "Array#copyWithin",
  ".Array.prototype.entries()": "Array#entries",
  ".Array.prototype.every()": "Array#every",
  ".Array.prototype.fill()": "Array#fill",
  ".Array.prototype.filter()": "Array#filter",
  ".Array.prototype.find()": "Array#find",
  ".Array.prototype.findIndex()": "Array#findIndex",
  ".Array.prototype.findLast()": "Array#findLast",
  ".Array.prototype.findLastIndex()": "Array#findLastIndex",
  ".Array.prototype.flat()": "Array#flat",
  ".Array.prototype.flatMap()": "Array#flatMap",
  ".Array.prototype.forEach()": "Array#forEach",
  ".Array.prototype.includes()": "Array#includes",
  ".Array.prototype.indexOf()": "Array#indexOf",
  ".Array.prototype.join()": "Array#join",
  ".Array.prototype.keys()": "Array#keys",
  ".Array.prototype.lastIndexOf()": "Array#lastIndexOf",
  ".Array.prototype.map()": "Array#map",
  ".Array.prototype.pop()": "Array#pop",
  ".Array.prototype.push()": "Array#push",
  ".Array.prototype.reduce()": "Array#reduce",
  ".Array.prototype.reduceRight()": "Array#reduceRight",
  ".Array.prototype.reverse()": "Array#reverse",
  ".Array.prototype.shift()": "Array#shift",
  ".Array.prototype.slice()": "Array#slice",
  ".Array.prototype.some()": "Array#some",
  ".Array.prototype.sort()": "Array#sort",
  ".Array.prototype.splice()": "Array#splice",
  ".Array.prototype.toLocaleString()": "Array#toLocaleString",
  ".Array.prototype.toReversed()": "Array#toReversed",
  ".Array.prototype.toSorted()": "Array#toSorted",
  ".Array.prototype.toSpliced()": "Array#toSpliced",
  ".Array.prototype.toString()": "Array#toString",
  ".Array.prototype.unshift()": "Array#unshift",
  ".Array.prototype.values()": "Array#values",
  ".Array.prototype.with()": "Array#with",
  ".ArrayBuffer()": "ArrayBuffer",
  ".ArrayBuffer.isView()": "ArrayBuffer.isView",
  ".ArrayBuffer.prototype.get byteLength()": "ArrayBuffer#byteLength",
  ".ArrayBuffer.prototype.slice()": "ArrayBuffer#slice",
  ".BigInt()": "BigInt",
  ".BigInt.asIntN()": "BigInt.asIntN",
  ".BigInt.asUintN()": "BigInt.asUintN",
  ".BigInt.prototype.toLocaleString()": "BigInt#toLocaleString",
  ".BigInt.prototype.toString()": "BigInt#toString",
  ".BigInt.prototype.valueOf()": "BigInt#valueOf",
  ".BigInt64Array()": "TypedArray",
  ".BigInt64Array.[[Prototype]]()": "TypedArray",
  ".BigInt64Array.[[Prototype]].from()": "TypedArray.from",
  ".BigInt64Array.[[Prototype]].of()": "TypedArray.of",
  ".BigInt64Array.[[Prototype]].prototype.at()": "TypedArray#at",
  ".BigInt64Array.[[Prototype]].prototype.copyWithin()": "TypedArray#copyWithin",
  ".BigInt64Array.[[Prototype]].prototype.entries()": "TypedArray#entries",
  ".BigInt64Array.[[Prototype]].prototype.every()": "Array#every",
  ".BigInt64Array.[[Prototype]].prototype.fill()": "TypedArray#fill",
  ".BigInt64Array.[[Prototype]].prototype.filter()": "TypedArray#filter",
  ".BigInt64Array.[[Prototype]].prototype.find()": "Array#find",
  ".BigInt64Array.[[Prototype]].prototype.findIndex()": "Array#findIndex",
  ".BigInt64Array.[[Prototype]].prototype.findLast()": "Array#findLast",
  ".BigInt64Array.[[Prototype]].prototype.findLastIndex()": "Array#findLastIndex",
  ".BigInt64Array.[[Prototype]].prototype.forEach()": "Array#forEach",
  ".BigInt64Array.[[Prototype]].prototype.get buffer()": "TypedArray#buffer",
  ".BigInt64Array.[[Prototype]].prototype.get byteLength()": "TypedArray#byteLength",
  ".BigInt64Array.[[Prototype]].prototype.get byteOffset()": "TypedArray#byteOffset",
  ".BigInt64Array.[[Prototype]].prototype.get length()": "TypedArray#length",
  ".BigInt64Array.[[Prototype]].prototype.includes()": "Array#includes",
  ".BigInt64Array.[[Prototype]].prototype.indexOf()": "Array#indexOf",
  ".BigInt64Array.[[Prototype]].prototype.join()": "Array#join",
  ".BigInt64Array.[[Prototype]].prototype.keys()": "TypedArray#keys",
  ".BigInt64Array.[[Prototype]].prototype.lastIndexOf()": "Array#lastIndexOf",
  ".BigInt64Array.[[Prototype]].prototype.map()": "TypedArray#map",
  ".BigInt64Array.[[Prototype]].prototype.reduce()": "Array#reduce",
  ".BigInt64Array.[[Prototype]].prototype.reduceRight()": "Array#reduceRight",
  ".BigInt64Array.[[Prototype]].prototype.reverse()": "Array#reverse",
  ".BigInt64Array.[[Prototype]].prototype.set()": "TypedArray#set",
  ".BigInt64Array.[[Prototype]].prototype.slice()": "TypedArray#slice",
  ".BigInt64Array.[[Prototype]].prototype.some()": "Array#some",
  ".BigInt64Array.[[Prototype]].prototype.sort()": "TypedArray#sort",
  ".BigInt64Array.[[Prototype]].prototype.subarray()": "TypedArray#subarray",
  ".BigInt64Array.[[Prototype]].prototype.toLocaleString()": "Array#toLocaleString",
  ".BigInt64Array.[[Prototype]].prototype.toReversed()": "TypedArray#toReversed",
  ".BigInt64Array.[[Prototype]].prototype.toSorted()": "TypedArray#toSorted",
  ".BigInt64Array.[[Prototype]].prototype.values()": "TypedArray#values",
  ".BigInt64Array.[[Prototype]].prototype.with()": "TypedArray#with",
  ".BigUint64Array()": "TypedArray",
  ".Boolean()": "Boolean",
  ".Boolean.prototype.toString()": "Boolean#toString",
  ".Boolean.prototype.valueOf()": "Boolean#valueOf",
  ".DataView()": "DataView",
  ".DataView.prototype.get buffer()": "DataView#buffer",
  ".DataView.prototype.get byteLength()": "DataView#byteLength",
  ".DataView.prototype.get byteOffset()": "DataView#byteOffset",
  ".DataView.prototype.getBigInt64()": "DataView#getBigInt64",
  ".DataView.prototype.getBigUint64()": "DataView#getBigUint64",
  ".DataView.prototype.getFloat32()": "DataView#getFloat32",
  ".DataView.prototype.getFloat64()": "DataView#getFloat64",
  ".DataView.prototype.getInt16()": "DataView#getInt16",
  ".DataView.prototype.getInt32()": "DataView#getInt32",
  ".DataView.prototype.getInt8()": "DataView#getInt8",
  ".DataView.prototype.getUint16()": "DataView#getUint16",
  ".DataView.prototype.getUint32()": "DataView#getUint32",
  ".DataView.prototype.getUint8()": "DataView#getUint8",
  ".DataView.prototype.setBigInt64()": "DataView#setBigInt64",
  ".DataView.prototype.setBigUint64()": "DataView#setBigUint64",
  ".DataView.prototype.setFloat32()": "DataView#setFloat32",
  ".DataView.prototype.setFloat64()": "DataView#setFloat64",
  ".DataView.prototype.setInt16()": "DataView#setInt16",
  ".DataView.prototype.setInt32()": "DataView#setInt32",
  ".DataView.prototype.setInt8()": "DataView#setInt8",
  ".DataView.prototype.setUint16()": "DataView#setUint16",
  ".DataView.prototype.setUint32()": "DataView#setUint32",
  ".DataView.prototype.setUint8()": "DataView#setUint8",
  ".Date()": "Date",
  ".Date.UTC()": "Date.UTC",
  ".Date.now()": "Date.now",
  ".Date.parse()": "Date.parse",
  ".Date.prototype.getDate()": "Date#getDate",
  ".Date.prototype.getDay()": "Date#getDay",
  ".Date.prototype.getFullYear()": "Date#getFullYear",
  ".Date.prototype.getHours()": "Date#getHours",
  ".Date.prototype.getMilliseconds()": "Date#getMilliseconds",
  ".Date.prototype.getMinutes()": "Date#getMinutes",
  ".Date.prototype.getMonth()": "Date#getMonth",
  ".Date.prototype.getSeconds()": "Date#getSeconds",
  ".Date.prototype.getTime()": "Date#getTime",
  ".Date.prototype.getTimezoneOffset()": "Date#getTimezoneOffset",
  ".Date.prototype.getUTCDate()": "Date#getUTCDate",
  ".Date.prototype.getUTCDay()": "Date#getUTCDay",
  ".Date.prototype.getUTCFullYear()": "Date#getUTCFullYear",
  ".Date.prototype.getUTCHours()": "Date#getUTCHours",
  ".Date.prototype.getUTCMilliseconds()": "Date#getUTCMilliseconds",
  ".Date.prototype.getUTCMinutes()": "Date#getUTCMinutes",
  ".Date.prototype.getUTCMonth()": "Date#getUTCMonth",
  ".Date.prototype.getUTCSeconds()": "Date#getUTCSeconds",
  ".Date.prototype.setDate()": "Date#setDate",
  ".Date.prototype.setFullYear()": "Date#setFullYear",
  ".Date.prototype.setHours()": "Date#setHours",
  ".Date.prototype.setMilliseconds()": "Date#setMilliseconds",
  ".Date.prototype.setMinutes()": "Date#setMinutes",
  ".Date.prototype.setMonth()": "Date#setMonth",
  ".Date.prototype.setSeconds()": "Date#setSeconds",
  ".Date.prototype.setTime()": "Date#setTime",
  ".Date.prototype.setUTCDate()": "Date#setUTCDate",
  ".Date.prototype.setUTCFullYear()": "Date#setUTCFullYear",
  ".Date.prototype.setUTCHours()": "Date#setUTCHours",
  ".Date.prototype.setUTCMilliseconds()": "Date#setUTCMilliseconds",
  ".Date.prototype.setUTCMinutes()": "Date#setUTCMinutes",
  ".Date.prototype.setUTCMonth()": "Date#setUTCMonth",
  ".Date.prototype.setUTCSeconds()": "Date#setUTCSeconds",
  ".Date.prototype.toDateString()": "Date#toDateString",
  ".Date.prototype.toISOString()": "Date#toISOString",
  ".Date.prototype.toJSON()": "Date#toJSON",
  ".Date.prototype.toLocaleDateString()": "Date#toLocaleDateString",
  ".Date.prototype.toLocaleString()": "Date#toLocaleString",
  ".Date.prototype.toLocaleTimeString()": "Date#toLocaleTimeString",
  ".Date.prototype.toString()": "Date#toString",
  ".Date.prototype.toTimeString()": "Date#toTimeString",
  ".Date.prototype.toUTCString()": "Date#toUTCString",
  ".Date.prototype.valueOf()": "Date#valueOf",
  ".EvalError()": "EvalError",
  ".FinalizationRegistry()": "FinalizationRegistry",
  ".FinalizationRegistry.prototype.register()": "FinalizationRegistry#register",
  ".FinalizationRegistry.prototype.unregister()": "FinalizationRegistry#unregister",
  ".Float32Array()": "TypedArray",
  ".Float64Array()": "TypedArray",
  ".Int16Array()": "TypedArray",
  ".Int32Array()": "TypedArray",
  ".Int8Array()": "TypedArray",
  ".Iterator()": "Iterator",
  ".Iterator.concat()": "Iterator.concat",
  ".Iterator.from()": "Iterator.from",
  ".Iterator.prototype.drop()": "Iterator#drop",
  ".Iterator.prototype.every()": "Iterator#every",
  ".Iterator.prototype.filter()": "Iterator#filter",
  ".Iterator.prototype.find()": "Iterator#find",
  ".Iterator.prototype.flatMap()": "Iterator#flatMap",
  ".Iterator.prototype.forEach()": "Iterator#forEach",
  ".Iterator.prototype.get constructor()": "Iterator#constructor",
  ".Iterator.prototype.map()": "Iterator#map",
  ".Iterator.prototype.reduce()": "Iterator#reduce",
  ".Iterator.prototype.set constructor()": "Iterator#constructor",
  ".Iterator.prototype.some()": "Iterator#some",
  ".Iterator.prototype.take()": "Iterator#take",
  ".Iterator.prototype.toArray()": "Iterator#toArray",
  ".JSON.isRawJSON()": "JSON.isRawJSON",
  ".JSON.parse()": "JSON.parse",
  ".JSON.rawJSON()": "JSON.rawJSON",
  ".JSON.stringify()": "JSON.stringify",
  ".Map()": "Map",
  ".Map.groupBy()": "Map.groupBy",
  ".Map.prototype.clear()": "Map#clear",
  ".Map.prototype.delete()": "Map#delete",
  ".Map.prototype.entries()": "Map#entries",
  ".Map.prototype.forEach()": "Map#forEach",
  ".Map.prototype.get size()": "Map#size",
  ".Map.prototype.get()": "Map#get",
  ".Map.prototype.getOrInsert()": "Map#getOrInsert",
  ".Map.prototype.getOrInsertComputed()": "Map#getOrInsertComputed",
  ".Map.prototype.has()": "Map#has",
  ".Map.prototype.keys()": "Map#keys",
  ".Map.prototype.set()": "Map#set",
  ".Map.prototype.values()": "Map#values",
  ".Math.abs()": "Math.abs",
  ".Math.acos()": "Math.acos",
  ".Math.acosh()": "Math.acosh",
  ".Math.asin()": "Math.asin",
  ".Math.asinh()": "Math.asinh",
  ".Math.atan()": "Math.atan",
  ".Math.atan2()": "Math.atan2",
  ".Math.atanh()": "Math.atanh",
  ".Math.cbrt()": "Math.cbrt",
  ".Math.ceil()": "Math.ceil",
  ".Math.clz32()": "Math.clz32",
  ".Math.cos()": "Math.cos",
  ".Math.cosh()": "Math.cosh",
  ".Math.exp()": "Math.exp",
  ".Math.expm1()": "Math.expm1",
  ".Math.floor()": "Math.floor",
  ".Math.fround()": "Math.fround",
  ".Math.hypot()": "Math.hypot",
  ".Math.imul()": "Math.imul",
  ".Math.log()": "Math.log",
  ".Math.log10()": "Math.log10",
  ".Math.log1p()": "Math.log1p",
  ".Math.log2()": "Math.log2",
  ".Math.max()": "Math.max",
  ".Math.min()": "Math.min",
  ".Math.pow()": "Math.pow",
  ".Math.random()": "Math.random",
  ".Math.round()": "Math.round",
  ".Math.sign()": "Math.sign",
  ".Math.sin()": "Math.sin",
  ".Math.sinh()": "Math.sinh",
  ".Math.sqrt()": "Math.sqrt",
  ".Math.sumPrecise()": "Math.sumPrecise",
  ".Math.tan()": "Math.tan",
  ".Math.tanh()": "Math.tanh",
  ".Math.trunc()": "Math.trunc",
  ".Number()": "Number",
  ".Number.isFinite()": "Number.isFinite",
  ".Number.isInteger()": "Number.isInteger",
  ".Number.isNaN()": "Number.isNaN",
  ".Number.isSafeInteger()": "Number.isSafeInteger",
  ".Number.prototype.toExponential()": "Number#toExponential",
  ".Number.prototype.toFixed()": "Number#toFixed",
  ".Number.prototype.toLocaleString()": "Number#toLocaleString",
  ".Number.prototype.toPrecision()": "Number#toPrecision",
  ".Number.prototype.toString()": "Number#toString",
  ".Number.prototype.valueOf()": "Number#valueOf",
  ".Promise()": "Promise",
  ".Promise.all()": "Promise.all",
  ".Promise.allSettled()": "Promise.allSettled",
  ".Promise.any()": "Promise.any",
  ".Promise.prototype.catch()": "Promise#catch",
  ".Promise.prototype.finally()": "Promise#finally",
  ".Promise.prototype.then()": "Promise#then",
  ".Promise.race()": "Promise.race",
  ".Promise.reject()": "Promise.reject",
  ".Promise.resolve()": "Promise.resolve",
  ".Promise.try()": "Promise.try",
  ".Promise.withResolvers()": "Promise.withResolvers",
  ".Proxy()": "Proxy",
  ".Proxy.revocable()": "Proxy.revocable",
  ".RangeError()": "RangeError",
  ".ReferenceError()": "ReferenceError",
  ".Reflect.apply()": "Reflect.apply",
  ".Reflect.construct()": "Reflect.construct",
  ".Reflect.defineProperty()": "Reflect.defineProperty",
  ".Reflect.deleteProperty()": "Reflect.deleteProperty",
  ".Reflect.get()": "Reflect.get",
  ".Reflect.getOwnPropertyDescriptor()": "Reflect.getOwnPropertyDescriptor",
  ".Reflect.getPrototypeOf()": "Reflect.getPrototypeOf",
  ".Reflect.has()": "Reflect.has",
  ".Reflect.isExtensible()": "Reflect.isExtensible",
  ".Reflect.ownKeys()": "Reflect.ownKeys",
  ".Reflect.preventExtensions()": "Reflect.preventExtensions",
  ".Reflect.set()": "Reflect.set",
  ".Reflect.setPrototypeOf()": "Reflect.setPrototypeOf",
  ".RegExp()": "RegExp",
  ".RegExp.escape()": "RegExp.escape",
  ".RegExp.prototype.exec()": "RegExp#exec",
  ".RegExp.prototype.get dotAll()": "RegExp#dotAll",
  ".RegExp.prototype.get flags()": "RegExp#flags",
  ".RegExp.prototype.get global()": "RegExp#global",
  ".RegExp.prototype.get hasIndices()": "RegExp#hasIndices",
  ".RegExp.prototype.get ignoreCase()": "RegExp#ignoreCase",
  ".RegExp.prototype.get multiline()": "RegExp#multiline",
  ".RegExp.prototype.get source()": "RegExp#source",
  ".RegExp.prototype.get sticky()": "RegExp#sticky",
  ".RegExp.prototype.get unicode()": "RegExp#unicode",
  ".RegExp.prototype.get unicodeSets()": "RegExp#unicodeSets",
  ".RegExp.prototype.test()": "RegExp#test",
  ".RegExp.prototype.toString()": "RegExp#toString",
  ".Set()": "Set",
  ".Set.prototype.add()": "Set#add",
  ".Set.prototype.clear()": "Set#clear",
  ".Set.prototype.delete()": "Set#delete",
  ".Set.prototype.difference()": "Set#difference",
  ".Set.prototype.entries()": "Set#entries",
  ".Set.prototype.forEach()": "Set#forEach",
  ".Set.prototype.get size()": "Set#size",
  ".Set.prototype.has()": "Set#has",
  ".Set.prototype.intersection()": "Set#intersection",
  ".Set.prototype.isDisjointFrom()": "Set#isDisjointFrom",
  ".Set.prototype.isSubsetOf()": "Set#isSubsetOf",
  ".Set.prototype.isSupersetOf()": "Set#isSupersetOf",
  ".Set.prototype.symmetricDifference()": "Set#symmetricDifference",
  ".Set.prototype.union()": "Set#union",
  ".Set.prototype.values()": "Set#values",
  ".ShadowRealm()": "ShadowRealm",
  ".ShadowRealm.prototype.evaluate()": "ShadowRealmPrototype.evaluate",
  ".ShadowRealm.prototype.importValue()": "ShadowRealmPrototype.importValue",
  ".String()": "String",
  ".String.fromCharCode()": "String.fromCharCode",
  ".String.fromCodePoint()": "String.fromCodePoint",
  ".String.prototype.at()": "String#at",
  ".String.prototype.charAt()": "String#charAt",
  ".String.prototype.charCodeAt()": "String#charCodeAt",
  ".String.prototype.codePointAt()": "String#codePointAt",
  ".String.prototype.concat()": "String#concat",
  ".String.prototype.endsWith()": "String#endsWith",
  ".String.prototype.includes()": "String#includes",
  ".String.prototype.indexOf()": "String#indexOf",
  ".String.prototype.isWellFormed()": "String#isWellFormed",
  ".String.prototype.lastIndexOf()": "String#lastIndexOf",
  ".String.prototype.localeCompare()": "String#localeCompare",
  ".String.prototype.match()": "String#match",
  ".String.prototype.matchAll()": "String#matchAll",
  ".String.prototype.normalize()": "String#normalize",
  ".String.prototype.padEnd()": "String#padEnd",
  ".String.prototype.padStart()": "String#padStart",
  ".String.prototype.repeat()": "String#repeat",
  ".String.prototype.replace()": "String#replace",
  ".String.prototype.replaceAll()": "String#replaceAll",
  ".String.prototype.search()": "String#search",
  ".String.prototype.slice()": "String#slice",
  ".String.prototype.split()": "String#split",
  ".String.prototype.startsWith()": "String#startsWith",
  ".String.prototype.substring()": "String#substring",
  ".String.prototype.toLocaleLowerCase()": "String#toLocaleLowerCase",
  ".String.prototype.toLocaleUpperCase()": "String#toLocaleUpperCase",
  ".String.prototype.toLowerCase()": "String#toLowerCase",
  ".String.prototype.toString()": "String#toString",
  ".String.prototype.toUpperCase()": "String#toUpperCase",
  ".String.prototype.toWellFormed()": "String#toWellFormed",
  ".String.prototype.trim()": "String#trim",
  ".String.prototype.trimEnd()": "String#trimEnd",
  ".String.prototype.trimStart()": "String#trimStart",
  ".String.prototype.valueOf()": "String#valueOf",
  ".String.raw()": "String.raw",
  ".Symbol()": "Symbol",
  ".Symbol.for()": "Symbol.for",
  ".Symbol.keyFor()": "Symbol.keyFor",
  ".Symbol.prototype.get description()": "Symbol#description",
  ".Symbol.prototype.toString()": "Symbol#toString",
  ".Symbol.prototype.valueOf()": "Symbol#valueOf",
  ".SyntaxError()": "SyntaxError",
  ".TypeError()": "TypeError",
  ".URIError()": "URIError",
  ".Uint16Array()": "TypedArray",
  ".Uint32Array()": "TypedArray",
  ".Uint8Array()": "TypedArray",
  ".Uint8Array.fromBase64()": "Uint8Array.fromBase64",
  ".Uint8Array.fromHex()": "Uint8Array.fromHex",
  ".Uint8Array.prototype.setFromBase64()": "Uint8Array#setFromBase64",
  ".Uint8Array.prototype.setFromHex()": "Uint8Array#setFromHex",
  ".Uint8Array.prototype.toBase64()": "Uint8Array#toBase64",
  ".Uint8Array.prototype.toHex()": "Uint8Array#toHex",
  ".Uint8ClampedArray()": "TypedArray",
  ".WeakMap()": "WeakMap",
  ".WeakMap.prototype.delete()": "WeakMap#delete",
  ".WeakMap.prototype.get()": "WeakMap#get",
  ".WeakMap.prototype.getOrInsert()": "WeakMap#getOrInsert",
  ".WeakMap.prototype.getOrInsertComputed()": "WeakMap#getOrInsertComputed",
  ".WeakMap.prototype.has()": "WeakMap#has",
  ".WeakMap.prototype.set()": "WeakMap#set",
  ".WeakRef()": "WeakRef",
  ".WeakRef.prototype.deref()": "WeakRef#deref",
  ".WeakSet()": "WeakSet",
  ".WeakSet.prototype.add()": "WeakSet#add",
  ".WeakSet.prototype.delete()": "WeakSet#delete",
  ".WeakSet.prototype.has()": "WeakSet#has",
  ".decodeURI()": "decodeURI",
  ".decodeURIComponent()": "decodeURIComponent",
  ".encodeURI()": "encodeURI",
  ".encodeURIComponent()": "encodeURIComponent",
  ".eval()": "Eval",
  ".getName()": "bound apply",
  ".isFinite()": "IsFinite",
  ".isNaN()": "IsNaN",
  ".parseFloat()": "ParseFloat",
  ".parseInt()": "ParseInt",
  "Object()": "Object",
  "Object.[[Prototype]]()": "FunctionProto",
  "Object.[[Prototype]].[[Prototype]].__defineGetter__()": "Object#_defineGetter__",
  "Object.[[Prototype]].[[Prototype]].__defineSetter__()": "Object#_defineSetter__",
  "Object.[[Prototype]].[[Prototype]].__lookupGetter__()": "Object#_lookupGetter__",
  "Object.[[Prototype]].[[Prototype]].__lookupSetter__()": "Object#_lookupSetter__",
  "Object.[[Prototype]].[[Prototype]].get __proto__()": "Object#__proto__",
  "Object.[[Prototype]].[[Prototype]].hasOwnProperty()": "Object#hasOwnProperty",
  "Object.[[Prototype]].[[Prototype]].isPrototypeOf()": "Object#isPrototypeOf",
  "Object.[[Prototype]].[[Prototype]].propertyIsEnumerable()": "Object#propertyIsEnumerable",
  "Object.[[Prototype]].[[Prototype]].set __proto__()": "Object#__proto__",
  "Object.[[Prototype]].[[Prototype]].toLocaleString()": "Object#toLocaleString",
  "Object.[[Prototype]].[[Prototype]].toString()": "Object#toString",
  "Object.[[Prototype]].[[Prototype]].valueOf()": "Object#valueOf",
  "Object.[[Prototype]].apply()": "Function#apply",
  "Object.[[Prototype]].bind()": "Function#bind",
  "Object.[[Prototype]].call()": "Function#call",
  "Object.[[Prototype]].constructor()": "Function",
  "Object.[[Prototype]].get caller()": "ThrowTypeError",
  "Object.[[Prototype]].toString()": "Function#toString",
  "Object.assign()": "Object.assign",
  "Object.create()": "Object.create",
  "Object.defineProperties()": "Object.defineProperties",
  "Object.defineProperty()": "Object.defineProperty",
  "Object.entries()": "Object.entries",
  "Object.freeze()": "Object.freeze",
  "Object.fromEntries()": "Object.fromEntries",
  "Object.getOwnPropertyDescriptor()": "Object.getOwnPropertyDescriptor",
  "Object.getOwnPropertyDescriptors()": "Object.getOwnPropertyDescriptors",
  "Object.getOwnPropertyNames()": "Object.getOwnPropertyNames",
  "Object.getOwnPropertySymbols()": "Object.getOwnPropertySymbols",
  "Object.getPrototypeOf()": "Object.getPrototypeOf",
  "Object.groupBy()": "Object.groupBy",
  "Object.hasOwn()": "Object.hasOwn",
  "Object.is()": "Object.is",
  "Object.isExtensible()": "Object.isExtensible",
  "Object.isFrozen()": "Object.isFrozen",
  "Object.isSealed()": "Object.isSealed",
  "Object.keys()": "Object.keys",
  "Object.preventExtensions()": "Object.preventExtensions",
  "Object.seal()": "Object.seal",
  "Object.setPrototypeOf()": "Object.setPrototypeOf",
  "Object.values()": "Object.values",
}
`;
